// Jest Snapshot v1, https://goo.gl/fbAQLP

exports[`Repositories: books saveBooksInDatabase should save given list of books in the database 1`] = `
Array [
  Object {
    "author": "Seneca, Lucius Annaeus",
    "external_id": 10001,
    "id": 1,
    "language": "en",
    "license": "Public domain in the USA.",
    "publication_date": 2003-11-01T00:00:00.000Z,
    "publisher": "Project Gutenberg",
    "subjects": Array [
      "PA",
      "Claudius, Emperor of Rome, 10 B.C.-54 A.D. -- Humor",
    ],
    "title": "Apocolocyntosis",
  },
  Object {
    "author": "Jefferson, Thomas",
    "external_id": 1,
    "id": 2,
    "language": "en",
    "license": "Public domain in the USA.",
    "publication_date": 1971-12-01T00:00:00.000Z,
    "publisher": "Project Gutenberg",
    "subjects": Array [
      "JK",
      "United States. Declaration of Independence",
      "United States -- History -- Revolution, 1775-1783 -- Sources",
      "E201",
    ],
    "title": "The Declaration of Independence of the United States of America",
  },
  Object {
    "author": "Dante Alighieri",
    "external_id": 1000,
    "id": 3,
    "language": "it",
    "license": "Public domain in the USA.",
    "publication_date": 1997-08-01T00:00:00.000Z,
    "publisher": "Project Gutenberg",
    "subjects": Array [
      "Epic poetry, Italian",
      "Italian poetry -- To 1400",
      "PQ",
    ],
    "title": "La Divina Commedia di Dante: Complete",
  },
  Object {
    "author": null,
    "external_id": 10,
    "id": 4,
    "language": "en",
    "license": "Public domain in the USA.",
    "publication_date": 1989-08-01T00:00:00.000Z,
    "publisher": "Project Gutenberg",
    "subjects": Array [
      "BS",
      "Bible",
    ],
    "title": "The King James Version of the Bible",
  },
  Object {
    "author": "Shakespeare, William",
    "external_id": 100,
    "id": 5,
    "language": "en",
    "license": "Copyrighted. Read the copyright notice inside this book for details.",
    "publication_date": 1994-01-01T00:00:00.000Z,
    "publisher": "Project Gutenberg",
    "subjects": Array [
      "English drama -- Early modern and Elizabethan, 1500-1600",
      "PR",
    ],
    "title": "The Complete Works of William Shakespeare",
  },
  Object {
    "author": "Hodgson, William Hope",
    "external_id": 10002,
    "id": 6,
    "language": "en",
    "license": "Public domain in the USA.",
    "publication_date": 2003-11-01T00:00:00.000Z,
    "publisher": "Project Gutenberg",
    "subjects": Array [
      "Science fiction",
      "PR",
    ],
    "title": "The House on the Borderland",
  },
  Object {
    "author": "Lindsay, Anna Robertson Brown",
    "external_id": 10004,
    "id": 7,
    "language": "en",
    "license": "Public domain in the USA.",
    "publication_date": 2003-11-01T00:00:00.000Z,
    "publisher": "Project Gutenberg",
    "subjects": Array [
      "Christianity",
      "BR",
    ],
    "title": "The Warriors",
  },
  Object {
    "author": "Waddington, Mary King",
    "external_id": 10003,
    "id": 8,
    "language": "en",
    "license": "Public domain in the USA.",
    "publication_date": 2003-11-01T00:00:00.000Z,
    "publisher": "Project Gutenberg",
    "subjects": Array [
      "France -- Social life and customs",
      "DC",
      "France -- History -- Third Republic, 1870-1940",
    ],
    "title": "My First Years as a Frenchwoman, 1876-1879",
  },
  Object {
    "author": "Tucker, George",
    "external_id": 10005,
    "id": 9,
    "language": "en",
    "license": "Public domain in the USA.",
    "publication_date": 2003-11-01T00:00:00.000Z,
    "publisher": "Project Gutenberg",
    "subjects": Array [
      "Science fiction",
      "PS",
      "Space flight to the moon -- Fiction",
    ],
    "title": "A Voyage to the Moon
With Some Account of the Manners and Customs, Science and Philosophy, of the People of Morosofia, and Other Lunarians",
  },
  Object {
    "author": "Anonymous",
    "external_id": 10000,
    "id": 10,
    "language": "en",
    "license": "Public domain in the USA.",
    "publication_date": 2006-03-01T00:00:00.000Z,
    "publisher": "Project Gutenberg",
    "subjects": Array [
      "Constitutional history -- England -- Sources",
      "KD",
      "Magna Carta",
      "JN",
    ],
    "title": "The Magna Carta",
  },
]
`;
